2026-08-18 05:19:44 | INFO | httpx | HTTP Request: GET https://www.airbnb.com/calendar/ical/1581955295247196376.ics?t=d77f130290ae41b499e7ab481f516f6e "HTTP/1.1 200 OK"
2026-08-18 05:19:44 | INFO | src.fetcher | Fetched iCal successfully for property=prop_08
2026-08-18 05:19:46 | INFO | src.fetcher | Fetching iCal for property=prop_09 (Property 09)
2026-08-18 05:19:46 | INFO | httpx | HTTP Request: GET https://www.airbnb.com/calendar/ical/1581947449551593237.ics?t=52cf6fbbd7f34e83b286a344aa4ee9a8 "HTTP/1.1 200 OK"
2026-08-18 05:19:46 | INFO | src.fetcher | Fetched iCal successfully for property=prop_09
2026-08-18 05:19:48 | INFO | src.fetcher | Fetching iCal for property=prop_10 (Property 10)
2026-08-18 05:19:48 | INFO | httpx | HTTP Request: GET https://www.airbnb.com/calendar/ical/1581810809115787451.ics?t=0b866cf127014723ace8b0df7941100d "HTTP/1.1 200 OK"
2026-08-18 05:19:48 | INFO | src.fetcher | Fetched iCal successfully for property=prop_10
2026-08-18 05:19:50 | INFO | src.fetcher | Fetching iCal for property=prop_11 (Property 11)
2026-08-18 05:19:50 | INFO | httpx | HTTP Request: GET https://www.airbnb.com/calendar/ical/1581815830064787563.ics?t=665ab1d5fa7845ce9d9e75bebd96d159 "HTTP/1.1 200 OK"
2026-08-18 05:19:50 | INFO | src.fetcher | Fetched iCal successfully for property=prop_11
2026-08-18 05:19:52 | INFO | src.fetcher | Fetching iCal for property=prop_12 (Property 12)
2026-08-18 05:19:52 | INFO | httpx | HTTP Request: GET https://www.airbnb.com/calendar/ical/1573104728411079591.ics?t=23a9b5c1ad784d9f85c26e9865a8910a "HTTP/1.1 200 OK"
2026-08-18 05:19:52 | INFO | src.fetcher | Fetched iCal successfully for property=prop_12
2026-08-18 05:19:53 | INFO | __main__ | Occupancy update finished. Exported 12 properties to ./data/occupancy.json
2026-08-18 05:19:53 | INFO | src.html_calendar | Calendar HTML exported to ./data/occupancy_calendar.html
2026-08-18 05:19:53 | ERROR | src.deployer | Git command failed during deployment: ['git', 'clone', '--branch', 'main', '--single-branch', 'https://github.com/<USERNAME>/riana-calendar.git', '/home/runner/work/riana-calendar/riana-calendar/deploy_repo']
stdout: 
stderr: Cloning into '/home/runner/work/riana-calendar/riana-calendar/deploy_repo'...
fatal: unable to access 'https://github.com/<USERNAME>/riana-calendar.git/': The requested URL returned error: 400

